// Jest Snapshot v1, https://goo.gl/fbAQLP

exports[`Service component should render correctly 1`] = `ShallowWrapper {}`;
