// Jest Snapshot v1, https://goo.gl/fbAQLP

exports[`Homepage Component should render correctly 1`] = `ShallowWrapper {}`;
