// Jest Snapshot v1, https://goo.gl/fbAQLP

exports[`Component renders should render correctly 1`] = `ShallowWrapper {}`;
